--- Starting Deep Diagnostic Test for Couple Analysis ---
Sending request to: http://localhost:3000/api/analysis/couple-chat
Payload: {
  "chat": "?곕━???ㅻ뒛 ?쒕줈???덉쓣 諛붾씪蹂대ŉ 源딆? ??붾? ?섎늻?덉뒿?덈떎. ?쒕줈???뚯쨷?⑥쓣 ?ㅼ떆 ?쒕쾲 ?먭펷?듬땲?? ?욎쑝濡쒕룄 ?곸썝???④퍡?섍퀬 ?띠뼱??",
  "day": 10,
  "isSpecialMission": true
}

Response received in 1.469s
Status: 200
Data: {
  "success": true,
  "analysis": "移⑤У ?띿뿉 ?④꺼吏?媛덈쭩, 留앹꽕???띿뿉 ?쇱뼱?섎뒗 ?좎젙. ???щ엺? ?꾩쭅 ?쒕윭?섏? ?딆? 媛먯젙??誘몃줈 ?띿뿉 媛뉙? ?덈꽕.",
  "nextMission": "?닿묠???댁쭩 湲곕???
}

[SUCCESS] The server returned a generated analysis.
